[2026-09-09T23:16:37.148263+01:00] Protocol frozen before candidate performance
[2026-09-09T23:16:45.344689+01:00] Hourly validation and five aggregations completed; supports recorded before fits
[2026-09-09T23:16:45.459710+01:00] Fit 1/240 A01_daily_max wthr_gt1000 full
[2026-09-09T23:16:45.557512+01:00] Fit 2/240 A01_daily_max wthr_gt1000 fold_0
[2026-09-09T23:16:45.653407+01:00] Fit 3/240 A01_daily_max wthr_gt1000 fold_1
[2026-09-09T23:16:45.792725+01:00] Fit 4/240 A01_daily_max wthr_gt1000 fold_2
[2026-09-09T23:16:45.901492+01:00] Fit 5/240 A01_daily_max wthr_gt1000 fold_3
[2026-09-09T23:16:45.999522+01:00] Fit 6/240 A01_daily_max wthr_gt1000 fold_4
[2026-09-09T23:16:46.003724+01:00] A01 rare-task six-fit repair diagnosis complete
[2026-09-09T23:16:46.110171+01:00] Fit 7/240 A01_daily_max any_gt0 full
[2026-09-09T23:16:46.190421+01:00] Fit 8/240 A01_daily_max any_gt0 fold_0
[2026-09-09T23:16:46.273070+01:00] Fit 9/240 A01_daily_max any_gt0 fold_1
[2026-09-09T23:16:46.386344+01:00] Fit 10/240 A01_daily_max any_gt0 fold_2
[2026-09-09T23:16:46.517501+01:00] Fit 11/240 A01_daily_max any_gt0 fold_3
[2026-09-09T23:16:46.656974+01:00] Fit 12/240 A01_daily_max any_gt0 fold_4
[2026-09-09T23:16:46.760132+01:00] Fit 13/240 A01_daily_max any_gt5 full
[2026-09-09T23:16:46.846979+01:00] Fit 14/240 A01_daily_max any_gt5 fold_0
[2026-09-09T23:16:46.933018+01:00] Fit 15/240 A01_daily_max any_gt5 fold_1
[2026-09-09T23:16:47.022695+01:00] Fit 16/240 A01_daily_max any_gt5 fold_2
[2026-09-09T23:16:47.141266+01:00] Fit 17/240 A01_daily_max any_gt5 fold_3
[2026-09-09T23:16:47.217957+01:00] Fit 18/240 A01_daily_max any_gt5 fold_4
[2026-09-09T23:16:47.317413+01:00] Fit 19/240 A01_daily_max any_gt100 full
[2026-09-09T23:16:47.429510+01:00] Fit 20/240 A01_daily_max any_gt100 fold_0
[2026-09-09T23:16:47.560539+01:00] Fit 21/240 A01_daily_max any_gt100 fold_1
[2026-09-09T23:16:47.681264+01:00] Fit 22/240 A01_daily_max any_gt100 fold_2
[2026-09-09T23:16:47.797361+01:00] Fit 23/240 A01_daily_max any_gt100 fold_3
[2026-09-09T23:16:47.938698+01:00] Fit 24/240 A01_daily_max any_gt100 fold_4
[2026-09-09T23:16:48.096807+01:00] Fit 25/240 A01_daily_max any_gt1000 full
[2026-09-09T23:16:48.207022+01:00] Fit 26/240 A01_daily_max any_gt1000 fold_0
[2026-09-09T23:16:48.331936+01:00] Fit 27/240 A01_daily_max any_gt1000 fold_1
[2026-09-09T23:16:48.459779+01:00] Fit 28/240 A01_daily_max any_gt1000 fold_2
[2026-09-09T23:16:48.590442+01:00] Fit 29/240 A01_daily_max any_gt1000 fold_3
[2026-09-09T23:16:48.681875+01:00] Fit 30/240 A01_daily_max any_gt1000 fold_4
[2026-09-09T23:16:48.772751+01:00] Fit 31/240 A01_daily_max wthr_gt0 full
[2026-09-09T23:16:48.883172+01:00] Fit 32/240 A01_daily_max wthr_gt0 fold_0
[2026-09-09T23:16:49.014324+01:00] Fit 33/240 A01_daily_max wthr_gt0 fold_1
[2026-09-09T23:16:49.131929+01:00] Fit 34/240 A01_daily_max wthr_gt0 fold_2
[2026-09-09T23:16:49.262796+01:00] Fit 35/240 A01_daily_max wthr_gt0 fold_3
[2026-09-09T23:16:49.353084+01:00] Fit 36/240 A01_daily_max wthr_gt0 fold_4
[2026-09-09T23:16:49.464120+01:00] Fit 37/240 A01_daily_max wthr_gt5 full
[2026-09-09T23:16:49.549146+01:00] Fit 38/240 A01_daily_max wthr_gt5 fold_0
[2026-09-09T23:16:49.680296+01:00] Fit 39/240 A01_daily_max wthr_gt5 fold_1
[2026-09-09T23:16:49.786399+01:00] Fit 40/240 A01_daily_max wthr_gt5 fold_2
[2026-09-09T23:16:49.889306+01:00] Fit 41/240 A01_daily_max wthr_gt5 fold_3
[2026-09-09T23:16:49.971602+01:00] Fit 42/240 A01_daily_max wthr_gt5 fold_4
[2026-09-09T23:16:50.040309+01:00] Fit 43/240 A01_daily_max wthr_gt100 full
[2026-09-09T23:16:50.109245+01:00] Fit 44/240 A01_daily_max wthr_gt100 fold_0
[2026-09-09T23:16:50.175800+01:00] Fit 45/240 A01_daily_max wthr_gt100 fold_1
[2026-09-09T23:16:50.280679+01:00] Fit 46/240 A01_daily_max wthr_gt100 fold_2
[2026-09-09T23:16:50.417999+01:00] Fit 47/240 A01_daily_max wthr_gt100 fold_3
[2026-09-09T23:16:50.545047+01:00] Fit 48/240 A01_daily_max wthr_gt100 fold_4
[2026-09-09T23:16:51.181019+01:00] Fit 49/240 A02_daily_mean any_gt0 full
[2026-09-09T23:16:51.794929+01:00] Fit 50/240 A02_daily_mean any_gt0 fold_0
[2026-09-09T23:16:52.427130+01:00] Fit 51/240 A02_daily_mean any_gt0 fold_1
[2026-09-09T23:16:53.139755+01:00] Fit 52/240 A02_daily_mean any_gt0 fold_2
[2026-09-09T23:16:53.847603+01:00] Fit 53/240 A02_daily_mean any_gt0 fold_3
[2026-09-09T23:16:54.539337+01:00] Fit 54/240 A02_daily_mean any_gt0 fold_4
[2026-09-09T23:16:55.201528+01:00] Fit 55/240 A02_daily_mean any_gt5 full
[2026-09-09T23:16:55.791663+01:00] Fit 56/240 A02_daily_mean any_gt5 fold_0
[2026-09-09T23:16:56.511820+01:00] Fit 57/240 A02_daily_mean any_gt5 fold_1
[2026-09-09T23:16:57.070857+01:00] Fit 58/240 A02_daily_mean any_gt5 fold_2
[2026-09-09T23:16:57.721644+01:00] Fit 59/240 A02_daily_mean any_gt5 fold_3
[2026-09-09T23:16:58.328845+01:00] Fit 60/240 A02_daily_mean any_gt5 fold_4
[2026-09-09T23:16:59.089558+01:00] Fit 61/240 A02_daily_mean any_gt100 full
[2026-09-09T23:16:59.785822+01:00] Fit 62/240 A02_daily_mean any_gt100 fold_0
[2026-09-09T23:17:00.439791+01:00] Fit 63/240 A02_daily_mean any_gt100 fold_1
[2026-09-09T23:17:01.128044+01:00] Fit 64/240 A02_daily_mean any_gt100 fold_2
[2026-09-09T23:17:01.867307+01:00] Fit 65/240 A02_daily_mean any_gt100 fold_3
[2026-09-09T23:17:02.691034+01:00] Fit 66/240 A02_daily_mean any_gt100 fold_4
[2026-09-09T23:17:03.427350+01:00] Fit 67/240 A02_daily_mean any_gt1000 full
[2026-09-09T23:17:04.239556+01:00] Fit 68/240 A02_daily_mean any_gt1000 fold_0
[2026-09-09T23:17:04.866609+01:00] Fit 69/240 A02_daily_mean any_gt1000 fold_1
[2026-09-09T23:17:05.778922+01:00] Fit 70/240 A02_daily_mean any_gt1000 fold_2
[2026-09-09T23:17:06.558397+01:00] Fit 71/240 A02_daily_mean any_gt1000 fold_3
[2026-09-09T23:17:07.297551+01:00] Fit 72/240 A02_daily_mean any_gt1000 fold_4
[2026-09-09T23:17:07.975304+01:00] Fit 73/240 A02_daily_mean wthr_gt0 full
[2026-09-09T23:17:08.715422+01:00] Fit 74/240 A02_daily_mean wthr_gt0 fold_0
[2026-09-09T23:17:09.387129+01:00] Fit 75/240 A02_daily_mean wthr_gt0 fold_1
[2026-09-09T23:17:10.073534+01:00] Fit 76/240 A02_daily_mean wthr_gt0 fold_2
[2026-09-09T23:17:10.997427+01:00] Fit 77/240 A02_daily_mean wthr_gt0 fold_3
[2026-09-09T23:17:11.872219+01:00] Fit 78/240 A02_daily_mean wthr_gt0 fold_4
[2026-09-09T23:17:12.610659+01:00] Fit 79/240 A02_daily_mean wthr_gt5 full
[2026-09-09T23:17:13.313948+01:00] Fit 80/240 A02_daily_mean wthr_gt5 fold_0
[2026-09-09T23:17:14.058433+01:00] Fit 81/240 A02_daily_mean wthr_gt5 fold_1
[2026-09-09T23:17:14.820516+01:00] Fit 82/240 A02_daily_mean wthr_gt5 fold_2
[2026-09-09T23:17:15.434873+01:00] Fit 83/240 A02_daily_mean wthr_gt5 fold_3
[2026-09-09T23:17:16.003961+01:00] Fit 84/240 A02_daily_mean wthr_gt5 fold_4
[2026-09-09T23:17:16.838886+01:00] Fit 85/240 A02_daily_mean wthr_gt100 full
[2026-09-09T23:17:17.702770+01:00] Fit 86/240 A02_daily_mean wthr_gt100 fold_0
[2026-09-09T23:17:18.332426+01:00] Fit 87/240 A02_daily_mean wthr_gt100 fold_1
[2026-09-09T23:17:18.989464+01:00] Fit 88/240 A02_daily_mean wthr_gt100 fold_2
[2026-09-09T23:17:19.553936+01:00] Fit 89/240 A02_daily_mean wthr_gt100 fold_3
[2026-09-09T23:17:20.204266+01:00] Fit 90/240 A02_daily_mean wthr_gt100 fold_4
[2026-09-09T23:17:21.019610+01:00] Fit 91/240 A02_daily_mean wthr_gt1000 full
[2026-09-09T23:17:21.703303+01:00] Fit 92/240 A02_daily_mean wthr_gt1000 fold_0
[2026-09-09T23:17:22.419821+01:00] Fit 93/240 A02_daily_mean wthr_gt1000 fold_1
[2026-09-09T23:17:23.111957+01:00] Fit 94/240 A02_daily_mean wthr_gt1000 fold_2
[2026-09-09T23:17:23.867684+01:00] Fit 95/240 A02_daily_mean wthr_gt1000 fold_3
[2026-09-09T23:17:24.561240+01:00] Fit 96/240 A02_daily_mean wthr_gt1000 fold_4
[2026-09-09T23:17:24.882314+01:00] Fit 97/240 A03_daily_q90 any_gt0 full
[2026-09-09T23:17:25.149931+01:00] Fit 98/240 A03_daily_q90 any_gt0 fold_0
[2026-09-09T23:17:25.424830+01:00] Fit 99/240 A03_daily_q90 any_gt0 fold_1
[2026-09-09T23:17:25.715161+01:00] Fit 100/240 A03_daily_q90 any_gt0 fold_2
[2026-09-09T23:17:26.069759+01:00] Fit 101/240 A03_daily_q90 any_gt0 fold_3
[2026-09-09T23:17:26.409384+01:00] Fit 102/240 A03_daily_q90 any_gt0 fold_4
[2026-09-09T23:17:26.705702+01:00] Fit 103/240 A03_daily_q90 any_gt5 full
[2026-09-09T23:17:27.014788+01:00] Fit 104/240 A03_daily_q90 any_gt5 fold_0
[2026-09-09T23:17:27.354142+01:00] Fit 105/240 A03_daily_q90 any_gt5 fold_1
[2026-09-09T23:17:27.689119+01:00] Fit 106/240 A03_daily_q90 any_gt5 fold_2
[2026-09-09T23:17:28.045694+01:00] Fit 107/240 A03_daily_q90 any_gt5 fold_3
[2026-09-09T23:17:28.425057+01:00] Fit 108/240 A03_daily_q90 any_gt5 fold_4
[2026-09-09T23:17:28.762340+01:00] Fit 109/240 A03_daily_q90 any_gt100 full
[2026-09-09T23:17:29.101224+01:00] Fit 110/240 A03_daily_q90 any_gt100 fold_0
[2026-09-09T23:17:29.437901+01:00] Fit 111/240 A03_daily_q90 any_gt100 fold_1
[2026-09-09T23:17:29.814197+01:00] Fit 112/240 A03_daily_q90 any_gt100 fold_2
[2026-09-09T23:17:30.211674+01:00] Fit 113/240 A03_daily_q90 any_gt100 fold_3
[2026-09-09T23:17:30.559166+01:00] Fit 114/240 A03_daily_q90 any_gt100 fold_4
[2026-09-09T23:17:31.000100+01:00] Fit 115/240 A03_daily_q90 any_gt1000 full
[2026-09-09T23:17:31.440549+01:00] Fit 116/240 A03_daily_q90 any_gt1000 fold_0
[2026-09-09T23:17:31.780221+01:00] Fit 117/240 A03_daily_q90 any_gt1000 fold_1
[2026-09-09T23:17:32.037201+01:00] Fit 118/240 A03_daily_q90 any_gt1000 fold_2
[2026-09-09T23:17:32.430330+01:00] Fit 119/240 A03_daily_q90 any_gt1000 fold_3
[2026-09-09T23:17:32.908507+01:00] Fit 120/240 A03_daily_q90 any_gt1000 fold_4
[2026-09-09T23:17:33.123445+01:00] Fit 121/240 A03_daily_q90 wthr_gt0 full
[2026-09-09T23:17:33.369590+01:00] Fit 122/240 A03_daily_q90 wthr_gt0 fold_0
[2026-09-09T23:17:33.667588+01:00] Fit 123/240 A03_daily_q90 wthr_gt0 fold_1
[2026-09-09T23:17:34.034262+01:00] Fit 124/240 A03_daily_q90 wthr_gt0 fold_2
[2026-09-09T23:17:34.368178+01:00] Fit 125/240 A03_daily_q90 wthr_gt0 fold_3
[2026-09-09T23:17:34.599174+01:00] Fit 126/240 A03_daily_q90 wthr_gt0 fold_4
[2026-09-09T23:17:35.005230+01:00] Fit 127/240 A03_daily_q90 wthr_gt5 full
[2026-09-09T23:17:35.355912+01:00] Fit 128/240 A03_daily_q90 wthr_gt5 fold_0
[2026-09-09T23:17:35.675457+01:00] Fit 129/240 A03_daily_q90 wthr_gt5 fold_1
[2026-09-09T23:17:35.964722+01:00] Fit 130/240 A03_daily_q90 wthr_gt5 fold_2
[2026-09-09T23:17:36.342350+01:00] Fit 131/240 A03_daily_q90 wthr_gt5 fold_3
[2026-09-09T23:17:36.732316+01:00] Fit 132/240 A03_daily_q90 wthr_gt5 fold_4
[2026-09-09T23:17:37.099634+01:00] Fit 133/240 A03_daily_q90 wthr_gt100 full
[2026-09-09T23:17:37.335800+01:00] Fit 134/240 A03_daily_q90 wthr_gt100 fold_0
[2026-09-09T23:17:37.713998+01:00] Fit 135/240 A03_daily_q90 wthr_gt100 fold_1
[2026-09-09T23:17:38.055893+01:00] Fit 136/240 A03_daily_q90 wthr_gt100 fold_2
[2026-09-09T23:17:38.415692+01:00] Fit 137/240 A03_daily_q90 wthr_gt100 fold_3
[2026-09-09T23:17:38.722719+01:00] Fit 138/240 A03_daily_q90 wthr_gt100 fold_4
[2026-09-09T23:17:39.190264+01:00] Fit 139/240 A03_daily_q90 wthr_gt1000 full
[2026-09-09T23:17:39.613095+01:00] Fit 140/240 A03_daily_q90 wthr_gt1000 fold_0
[2026-09-09T23:17:40.008847+01:00] Fit 141/240 A03_daily_q90 wthr_gt1000 fold_1
[2026-09-09T23:17:40.473164+01:00] Fit 142/240 A03_daily_q90 wthr_gt1000 fold_2
[2026-09-09T23:17:40.881096+01:00] Fit 143/240 A03_daily_q90 wthr_gt1000 fold_3
[2026-09-09T23:17:41.278846+01:00] Fit 144/240 A03_daily_q90 wthr_gt1000 fold_4
[2026-09-09T23:17:41.487949+01:00] Fit 145/240 A04_top3_mean any_gt0 full
[2026-09-09T23:17:41.736802+01:00] Fit 146/240 A04_top3_mean any_gt0 fold_0
[2026-09-09T23:17:41.962712+01:00] Fit 147/240 A04_top3_mean any_gt0 fold_1
[2026-09-09T23:17:42.167216+01:00] Fit 148/240 A04_top3_mean any_gt0 fold_2
[2026-09-09T23:17:42.351233+01:00] Fit 149/240 A04_top3_mean any_gt0 fold_3
[2026-09-09T23:17:42.576281+01:00] Fit 150/240 A04_top3_mean any_gt0 fold_4
[2026-09-09T23:17:42.779034+01:00] Fit 151/240 A04_top3_mean any_gt5 full
[2026-09-09T23:17:43.035010+01:00] Fit 152/240 A04_top3_mean any_gt5 fold_0
[2026-09-09T23:17:43.251593+01:00] Fit 153/240 A04_top3_mean any_gt5 fold_1
[2026-09-09T23:17:43.435484+01:00] Fit 154/240 A04_top3_mean any_gt5 fold_2
[2026-09-09T23:17:43.594533+01:00] Fit 155/240 A04_top3_mean any_gt5 fold_3
[2026-09-09T23:17:43.772358+01:00] Fit 156/240 A04_top3_mean any_gt5 fold_4
[2026-09-09T23:17:43.943955+01:00] Fit 157/240 A04_top3_mean any_gt100 full
[2026-09-09T23:17:44.187458+01:00] Fit 158/240 A04_top3_mean any_gt100 fold_0
[2026-09-09T23:17:44.435675+01:00] Fit 159/240 A04_top3_mean any_gt100 fold_1
[2026-09-09T23:17:44.672834+01:00] Fit 160/240 A04_top3_mean any_gt100 fold_2
[2026-09-09T23:17:44.870434+01:00] Fit 161/240 A04_top3_mean any_gt100 fold_3
[2026-09-09T23:17:45.099534+01:00] Fit 162/240 A04_top3_mean any_gt100 fold_4
[2026-09-09T23:17:45.293847+01:00] Fit 163/240 A04_top3_mean any_gt1000 full
[2026-09-09T23:17:45.599062+01:00] Fit 164/240 A04_top3_mean any_gt1000 fold_0
[2026-09-09T23:17:45.860242+01:00] Fit 165/240 A04_top3_mean any_gt1000 fold_1
[2026-09-09T23:17:46.087850+01:00] Fit 166/240 A04_top3_mean any_gt1000 fold_2
[2026-09-09T23:17:46.279920+01:00] Fit 167/240 A04_top3_mean any_gt1000 fold_3
[2026-09-09T23:17:46.549658+01:00] Fit 168/240 A04_top3_mean any_gt1000 fold_4
[2026-09-09T23:17:46.785019+01:00] Fit 169/240 A04_top3_mean wthr_gt0 full
[2026-09-09T23:17:47.048750+01:00] Fit 170/240 A04_top3_mean wthr_gt0 fold_0
[2026-09-09T23:17:47.287243+01:00] Fit 171/240 A04_top3_mean wthr_gt0 fold_1
[2026-09-09T23:17:47.568925+01:00] Fit 172/240 A04_top3_mean wthr_gt0 fold_2
[2026-09-09T23:17:47.725798+01:00] Fit 173/240 A04_top3_mean wthr_gt0 fold_3
[2026-09-09T23:17:47.870144+01:00] Fit 174/240 A04_top3_mean wthr_gt0 fold_4
[2026-09-09T23:17:48.058214+01:00] Fit 175/240 A04_top3_mean wthr_gt5 full
[2026-09-09T23:17:48.281644+01:00] Fit 176/240 A04_top3_mean wthr_gt5 fold_0
[2026-09-09T23:17:48.503773+01:00] Fit 177/240 A04_top3_mean wthr_gt5 fold_1
[2026-09-09T23:17:48.656556+01:00] Fit 178/240 A04_top3_mean wthr_gt5 fold_2
[2026-09-09T23:17:48.780417+01:00] Fit 179/240 A04_top3_mean wthr_gt5 fold_3
[2026-09-09T23:17:48.921004+01:00] Fit 180/240 A04_top3_mean wthr_gt5 fold_4
[2026-09-09T23:17:49.063332+01:00] Fit 181/240 A04_top3_mean wthr_gt100 full
[2026-09-09T23:17:49.237370+01:00] Fit 182/240 A04_top3_mean wthr_gt100 fold_0
[2026-09-09T23:17:49.388097+01:00] Fit 183/240 A04_top3_mean wthr_gt100 fold_1
[2026-09-09T23:17:49.580364+01:00] Fit 184/240 A04_top3_mean wthr_gt100 fold_2
[2026-09-09T23:17:49.753117+01:00] Fit 185/240 A04_top3_mean wthr_gt100 fold_3
[2026-09-09T23:17:49.940143+01:00] Fit 186/240 A04_top3_mean wthr_gt100 fold_4
[2026-09-09T23:17:50.070504+01:00] Fit 187/240 A04_top3_mean wthr_gt1000 full
[2026-09-09T23:17:50.212137+01:00] Fit 188/240 A04_top3_mean wthr_gt1000 fold_0
[2026-09-09T23:17:50.426468+01:00] Fit 189/240 A04_top3_mean wthr_gt1000 fold_1
[2026-09-09T23:17:50.670251+01:00] Fit 190/240 A04_top3_mean wthr_gt1000 fold_2
[2026-09-09T23:17:50.902130+01:00] Fit 191/240 A04_top3_mean wthr_gt1000 fold_3
[2026-09-09T23:17:51.165878+01:00] Fit 192/240 A04_top3_mean wthr_gt1000 fold_4
[2026-09-09T23:17:51.311297+01:00] Fit 193/240 A05_max_rolling3h_mean any_gt0 full
[2026-09-09T23:17:51.471791+01:00] Fit 194/240 A05_max_rolling3h_mean any_gt0 fold_0
[2026-09-09T23:17:51.601517+01:00] Fit 195/240 A05_max_rolling3h_mean any_gt0 fold_1
[2026-09-09T23:17:51.759677+01:00] Fit 196/240 A05_max_rolling3h_mean any_gt0 fold_2
[2026-09-09T23:17:51.926850+01:00] Fit 197/240 A05_max_rolling3h_mean any_gt0 fold_3
[2026-09-09T23:17:52.160882+01:00] Fit 198/240 A05_max_rolling3h_mean any_gt0 fold_4
[2026-09-09T23:17:52.340710+01:00] Fit 199/240 A05_max_rolling3h_mean any_gt5 full
[2026-09-09T23:17:52.516423+01:00] Fit 200/240 A05_max_rolling3h_mean any_gt5 fold_0
[2026-09-09T23:17:52.655578+01:00] Fit 201/240 A05_max_rolling3h_mean any_gt5 fold_1
[2026-09-09T23:17:52.782726+01:00] Fit 202/240 A05_max_rolling3h_mean any_gt5 fold_2
[2026-09-09T23:17:52.988958+01:00] Fit 203/240 A05_max_rolling3h_mean any_gt5 fold_3
[2026-09-09T23:17:53.190757+01:00] Fit 204/240 A05_max_rolling3h_mean any_gt5 fold_4
[2026-09-09T23:17:53.423465+01:00] Fit 205/240 A05_max_rolling3h_mean any_gt100 full
[2026-09-09T23:17:53.588951+01:00] Fit 206/240 A05_max_rolling3h_mean any_gt100 fold_0
[2026-09-09T23:17:53.778836+01:00] Fit 207/240 A05_max_rolling3h_mean any_gt100 fold_1
[2026-09-09T23:17:53.968984+01:00] Fit 208/240 A05_max_rolling3h_mean any_gt100 fold_2
[2026-09-09T23:17:54.136380+01:00] Fit 209/240 A05_max_rolling3h_mean any_gt100 fold_3
[2026-09-09T23:17:54.336739+01:00] Fit 210/240 A05_max_rolling3h_mean any_gt100 fold_4
[2026-09-09T23:17:54.657245+01:00] Fit 211/240 A05_max_rolling3h_mean any_gt1000 full
[2026-09-09T23:17:54.890186+01:00] Fit 212/240 A05_max_rolling3h_mean any_gt1000 fold_0
[2026-09-09T23:17:55.063195+01:00] Fit 213/240 A05_max_rolling3h_mean any_gt1000 fold_1
[2026-09-09T23:17:55.204371+01:00] Fit 214/240 A05_max_rolling3h_mean any_gt1000 fold_2
[2026-09-09T23:17:55.370985+01:00] Fit 215/240 A05_max_rolling3h_mean any_gt1000 fold_3
[2026-09-09T23:17:55.656210+01:00] Fit 216/240 A05_max_rolling3h_mean any_gt1000 fold_4
[2026-09-09T23:17:55.880048+01:00] Fit 217/240 A05_max_rolling3h_mean wthr_gt0 full
[2026-09-09T23:17:56.087939+01:00] Fit 218/240 A05_max_rolling3h_mean wthr_gt0 fold_0
[2026-09-09T23:17:56.277746+01:00] Fit 219/240 A05_max_rolling3h_mean wthr_gt0 fold_1
[2026-09-09T23:17:56.439195+01:00] Fit 220/240 A05_max_rolling3h_mean wthr_gt0 fold_2
[2026-09-09T23:17:56.617941+01:00] Fit 221/240 A05_max_rolling3h_mean wthr_gt0 fold_3
[2026-09-09T23:17:56.817080+01:00] Fit 222/240 A05_max_rolling3h_mean wthr_gt0 fold_4
[2026-09-09T23:17:57.099910+01:00] Fit 223/240 A05_max_rolling3h_mean wthr_gt5 full
[2026-09-09T23:17:57.367406+01:00] Fit 224/240 A05_max_rolling3h_mean wthr_gt5 fold_0
[2026-09-09T23:17:57.589650+01:00] Fit 225/240 A05_max_rolling3h_mean wthr_gt5 fold_1
[2026-09-09T23:17:57.727288+01:00] Fit 226/240 A05_max_rolling3h_mean wthr_gt5 fold_2
[2026-09-09T23:17:57.861523+01:00] Fit 227/240 A05_max_rolling3h_mean wthr_gt5 fold_3
[2026-09-09T23:17:58.012931+01:00] Fit 228/240 A05_max_rolling3h_mean wthr_gt5 fold_4
[2026-09-09T23:17:58.194663+01:00] Fit 229/240 A05_max_rolling3h_mean wthr_gt100 full
[2026-09-09T23:17:58.449618+01:00] Fit 230/240 A05_max_rolling3h_mean wthr_gt100 fold_0
[2026-09-09T23:17:58.707834+01:00] Fit 231/240 A05_max_rolling3h_mean wthr_gt100 fold_1
[2026-09-09T23:17:58.881930+01:00] Fit 232/240 A05_max_rolling3h_mean wthr_gt100 fold_2
[2026-09-09T23:17:59.080371+01:00] Fit 233/240 A05_max_rolling3h_mean wthr_gt100 fold_3
[2026-09-09T23:17:59.316399+01:00] Fit 234/240 A05_max_rolling3h_mean wthr_gt100 fold_4
[2026-09-09T23:17:59.565959+01:00] Fit 235/240 A05_max_rolling3h_mean wthr_gt1000 full
[2026-09-09T23:17:59.773632+01:00] Fit 236/240 A05_max_rolling3h_mean wthr_gt1000 fold_0
[2026-09-09T23:18:00.003594+01:00] Fit 237/240 A05_max_rolling3h_mean wthr_gt1000 fold_1
[2026-09-09T23:18:00.284389+01:00] Fit 238/240 A05_max_rolling3h_mean wthr_gt1000 fold_2
[2026-09-09T23:18:00.488256+01:00] Fit 239/240 A05_max_rolling3h_mean wthr_gt1000 fold_3
[2026-09-09T23:18:00.724090+01:00] Fit 240/240 A05_max_rolling3h_mean wthr_gt1000 fold_4
[2026-09-09T23:18:42.775060+01:00] Metrics, paired uncertainty, calibration bins and separate repair comparisons saved
[2026-09-09T23:19:01.346248+01:00] Targeted saved-output validation passed
[2026-09-09T23:19:01.606301+01:00] All fixed analyses and report completed
