2026-09-10T15:28:22+01:00 protocol frozen before fitting
2026-09-10T15:28:22+01:00 E0_all/H01 cache verified
2026-09-10T15:28:22+01:00 E0_all/H02 cache verified
2026-09-10T15:28:22+01:00 E0_all/H03 cache verified
2026-09-10T15:28:22+01:00 E0_all/H04 cache verified
2026-09-10T15:28:22+01:00 E0_all/H05 cache verified
2026-09-10T15:28:22+01:00 E0_all/H06 cache verified
2026-09-10T15:28:22+01:00 E0_all/H07 cache verified
2026-09-10T15:28:22+01:00 E0_all/H08 cache verified
2026-09-10T15:28:22+01:00 E0_all/H09 cache verified
2026-09-10T15:28:22+01:00 E0_all/H10 cache verified
2026-09-10T15:28:22+01:00 E0_all/H11 cache verified
2026-09-10T15:28:22+01:00 E0_all/H12 cache verified
2026-09-10T15:28:22+01:00 E0_all/H13 cache verified
2026-09-10T15:28:22+01:00 E0_all/H14 cache verified
2026-09-10T15:28:22+01:00 E0_all/F01 cache verified
2026-09-10T15:28:22+01:00 E0_all/F02 cache verified
2026-09-10T15:28:22+01:00 E0_all/F03 cache verified
2026-09-10T15:28:22+01:00 E0_all/F04 cache verified
2026-09-10T15:28:23+01:00 E0_all/F05 cache verified
2026-09-10T15:28:23+01:00 E0_all/F06 cache verified
2026-09-10T15:28:23+01:00 E0_all/F07 cache verified
2026-09-10T15:28:23+01:00 E0_all/F08 cache verified
2026-09-10T15:28:23+01:00 E0_weather/H01 cache verified
2026-09-10T15:28:23+01:00 E0_weather/H02 cache verified
2026-09-10T15:28:23+01:00 E0_weather/H03 cache verified
2026-09-10T15:28:23+01:00 E0_weather/H04 cache verified
2026-09-10T15:28:23+01:00 E0_weather/H05 cache verified
2026-09-10T15:28:23+01:00 E0_weather/H06 cache verified
2026-09-10T15:28:23+01:00 E0_weather/H07 cache verified
2026-09-10T15:28:24+01:00 E0_weather/H08 cache verified
2026-09-10T15:28:24+01:00 E0_weather/H09 cache verified
2026-09-10T15:28:24+01:00 E0_weather/H10 cache verified
2026-09-10T15:28:24+01:00 E0_weather/H11 cache verified
2026-09-10T15:28:24+01:00 E0_weather/H12 cache verified
2026-09-10T15:28:24+01:00 E0_weather/H13 cache verified
2026-09-10T15:28:24+01:00 E0_weather/H14 cache verified
2026-09-10T15:28:24+01:00 E0_weather/F01 cache verified
2026-09-10T15:28:24+01:00 E0_weather/F02 cache verified
2026-09-10T15:28:24+01:00 E0_weather/F03 cache verified
2026-09-10T15:28:24+01:00 E0_weather/F04 cache verified
2026-09-10T15:28:24+01:00 E0_weather/F05 cache verified
2026-09-10T15:28:24+01:00 E0_weather/F06 cache verified
2026-09-10T15:28:25+01:00 E0_weather/F07 cache verified
2026-09-10T15:28:25+01:00 E0_weather/F08 cache verified
2026-09-10T15:28:25+01:00 R0c_all/H01 cache verified
2026-09-10T15:28:25+01:00 R0c_all/H02 cache verified
2026-09-10T15:28:25+01:00 R0c_all/H03 cache verified
2026-09-10T15:28:25+01:00 R0c_all/H04 cache verified
2026-09-10T15:28:25+01:00 R0c_all/H05 cache verified
2026-09-10T15:28:25+01:00 R0c_all/H06 cache verified
2026-09-10T15:28:25+01:00 R0c_all/H07 cache verified
2026-09-10T15:28:25+01:00 R0c_all/H08 cache verified
2026-09-10T15:28:25+01:00 R0c_all/H09 cache verified
2026-09-10T15:28:26+01:00 R0c_all/H10 cache verified
2026-09-10T15:28:26+01:00 R0c_all/H11 cache verified
2026-09-10T15:28:26+01:00 R0c_all/H12 cache verified
2026-09-10T15:28:26+01:00 R0c_all/H13 cache verified
2026-09-10T15:28:26+01:00 R0c_all/H14 cache verified
2026-09-10T15:28:26+01:00 R0c_all/F01 cache verified
2026-09-10T15:28:26+01:00 R0c_all/F02 cache verified
2026-09-10T15:28:26+01:00 R0c_all/F03 cache verified
2026-09-10T15:28:26+01:00 R0c_all/F04 cache verified
2026-09-10T15:28:26+01:00 R0c_all/F05 cache verified
2026-09-10T15:28:26+01:00 R0c_all/F06 cache verified
2026-09-10T15:28:26+01:00 R0c_all/F07 cache verified
2026-09-10T15:28:26+01:00 R0c_all/F08 cache verified
2026-09-10T15:28:27+01:00 R0c_weather/H01 cache verified
2026-09-10T15:28:27+01:00 R0c_weather/H02 cache verified
2026-09-10T15:28:27+01:00 R0c_weather/H03 cache verified
2026-09-10T15:28:27+01:00 R0c_weather/H04 cache verified
2026-09-10T15:28:27+01:00 R0c_weather/H05 cache verified
2026-09-10T15:28:27+01:00 R0c_weather/H06 cache verified
2026-09-10T15:28:27+01:00 R0c_weather/H07 cache verified
2026-09-10T15:28:27+01:00 R0c_weather/H08 cache verified
2026-09-10T15:28:27+01:00 R0c_weather/H09 cache verified
2026-09-10T15:28:27+01:00 R0c_weather/H10 cache verified
2026-09-10T15:28:28+01:00 R0c_weather/H11 cache verified
2026-09-10T15:28:28+01:00 R0c_weather/H12 cache verified
2026-09-10T15:28:28+01:00 R0c_weather/H13 cache verified
2026-09-10T15:28:28+01:00 R0c_weather/H14 cache verified
2026-09-10T15:28:28+01:00 R0c_weather/F01 cache verified
2026-09-10T15:28:28+01:00 R0c_weather/F02 cache verified
2026-09-10T15:28:28+01:00 R0c_weather/F03 cache verified
2026-09-10T15:28:28+01:00 R0c_weather/F04 cache verified
2026-09-10T15:28:28+01:00 R0c_weather/F05 cache verified
2026-09-10T15:28:28+01:00 R0c_weather/F06 cache verified
2026-09-10T15:28:28+01:00 R0c_weather/F07 cache verified
2026-09-10T15:28:28+01:00 R0c_weather/F08 cache verified
2026-09-10T15:29:02+01:00 validated before transaction publication
