[E0] ordinal logit gust coefs {'z_gust_0h': -0.1319247998631859, 'hinge_14': 0.13218852584563373, 'hinge_25': -0.11744915543745889}
[E0] per-threshold logits: {
 ">= 1-5": {
  "z_gust_0h": -0.04850351764724016,
  "hinge_14": 0.12606030111885153,
  "hinge_25": -0.1256827389866828
 },
 ">= 6-100": {
  "z_gust_0h": -0.15151482126277294,
  "hinge_14": 0.13087534909694817,
  "hinge_25": -0.11002356758363782
 },
 ">= 101-1000": {
  "z_gust_0h": -0.17533351289241797,
  "hinge_14": 0.1454380229194904,
  "hinge_25": -0.17030954084202413
 },
 ">= >1000": {
  "z_gust_0h": -0.2810285718641282,
  "hinge_14": 0.118293556814579,
  "hinge_25": -0.10107761492356464
 }
}
[E0] NB GLM: {'alpha': 15.953232509297326, 'z_gust_0h': -0.23697320730982313, 'hinge_14': 0.11721954210587428, 'hinge_25': -0.08347640690210997, 'deviance_explained': 0.022636859582837787}
[R0c] ordinal logit gust coefs {'z_gust_0h': -0.04627541497675142, 'hinge_17': 0.1801397108332375}
[R0c] per-threshold logits: {
 ">= 3-12 h": {
  "z_gust_0h": -0.024705256185537296,
  "hinge_17": 0.11018232420308591
 },
 ">= 12-48 h": {
  "z_gust_0h": -0.09485561726975283,
  "hinge_17": 0.17881861314615374
 },
 ">= >48 h": {
  "z_gust_0h": 0.12699072528385189,
  "hinge_17": 0.1450399007750945
 }
}
