Traceback (most recent call last):
  File "C:\Users\haoya\.conda\envs\pyoutagegust\Lib\site-packages\pandas\compat\_optional.py", line 158, in import_optional_dependency
    module = importlib.import_module(name)
             ^^^^^^^^^^^^^^^^^^^^^^^^^^^^^
  File "C:\Users\haoya\.conda\envs\pyoutagegust\Lib\importlib\__init__.py", line 90, in import_module
    return _bootstrap._gcd_import(name[level:], package, level)
           ^^^^^^^^^^^^^^^^^^^^^^^^^^^^^^^^^^^^^^^^^^^^^^^^^^^^
  File "<frozen importlib._bootstrap>", line 1387, in _gcd_import
  File "<frozen importlib._bootstrap>", line 1360, in _find_and_load
  File "<frozen importlib._bootstrap>", line 1324, in _find_and_load_unlocked
ModuleNotFoundError: No module named 'tabulate'

The above exception was the direct cause of the following exception:

Traceback (most recent call last):
  File "<frozen runpy>", line 198, in _run_module_as_main
  File "<frozen runpy>", line 88, in _run_code
  File "D:\Pyprogramme\pyOutageGust\analysis_new\runner.py", line 156, in <module>
    worker(sys.argv[2])
  File "D:\Pyprogramme\pyOutageGust\analysis_new\runner.py", line 147, in worker
    module.main()
  File "D:\Pyprogramme\pyOutageGust\analysis_new\report_tables.py", line 75, in main
    f'- district-day 面板：{dd["n_district_days"]:,} 行。', '', '## 最终回归', '', t2.to_markdown(index=False),
                                                                                   ^^^^^^^^^^^^^^^^^^^^^^^^^^^
  File "C:\Users\haoya\.conda\envs\pyoutagegust\Lib\site-packages\pandas\core\frame.py", line 2983, in to_markdown
    tabulate = import_optional_dependency("tabulate")
               ^^^^^^^^^^^^^^^^^^^^^^^^^^^^^^^^^^^^^^
  File "C:\Users\haoya\.conda\envs\pyoutagegust\Lib\site-packages\pandas\compat\_optional.py", line 161, in import_optional_dependency
    raise ImportError(msg) from err
ImportError: `Import tabulate` failed.  Use pip or conda to install the tabulate package.
