[corrected-sample] Loading OLD-style event table and applying C01 corrections (Step1+Step2 outputs)...
[corrected-sample] Corrected matched sample: 121313 events (12269 weather-corrected, 617 weather-nulled).
[v16-clean] Building weather-matched sample (command #9 Step0)...
[v16-clean] Excluding locked_temporal_test date block (>= 2023-09-30) BEFORE fold construction...
[v16-clean] Weather-matched sample: 121313 -> 97664 after locked-window exclusion (23649 removed, 19.49%).
[v3_validation] Step 1: checking LAD21CD coverage in the weather-matched sample...
[v3_validation] Step 1 done: gap-filled 112 events, 112 still missing.
[v3_validation] Step 2: building GroupKFold(date, 5) folds...
[v3_validation] Step 2 done: 0 dates crossing folds (expect 0).
[v16-clean] Clean complete-predictor sample: n=94383.
[v16-clean] Verified: max date in clean sample = 2023-09-29 00:00:00 (< 2023-09-30 00:00:00).
[v16-clean] Clean weather_natural+technical_asset sample: n=48339.
[v16-clean] Clean E0' n=48324; clean R0c'_B n=47841 (p99 cap=194.79h).
[v19] Building weather-matched sample (command #9 Step0)...
[v19] Restricting to the locked_temporal_test date block [2023-09-30, 2024-03-31]...
[v19] Weather-matched sample: 121313 -> 23649 in locked window.
[v3_validation] Step 1: checking LAD21CD coverage in the weather-matched sample...
[v3_validation] Step 1 done: gap-filled 25 events, 25 still missing.
[v19] Holdout complete-predictor sample: n=22913.
[v19] Verified: holdout date range [2023-09-30 00:00:00, 2024-03-31 00:00:00] within locked window.
[v19] Holdout weather_natural+technical_asset sample: n=12114.
[v19] Holdout E0 n=12113; holdout R0c n=11991 (p99 cap=167.39h).
[corrected-sample] CORRECTED final combined sample: WT n=60453, E0 n=60437, R0c n=59834 (p99 cap=192.08h)
[C02] E0: comparing pooled-OOF R^2 vs simple mean of 5 per-fold R^2...
[C02]   E0 baseline: pooled=0.7945%, mean-of-5=0.6713%, per-fold%=['0.965', '0.866', '0.408', '1.315', '-0.197']
[C02]   E0 nongust_weather: pooled=1.7000%, mean-of-5=1.5723%, per-fold%=['2.633', '1.476', '1.263', '1.319', '1.171']
[C02]   E0 gust: pooled=2.9863%, mean-of-5=2.8479%, per-fold%=['4.630', '1.942', '2.718', '2.422', '2.527']
[C02] R0c (gust-then-customers): comparing pooled-OOF R^2 vs simple mean of 5 per-fold R^2...
[C02]   R0c baseline: pooled=1.4738%, mean-of-5=1.1726%, per-fold%=['3.779', '2.727', '-1.401', '2.151', '-1.393']
[C02]   R0c nongust_weather: pooled=2.4407%, mean-of-5=2.0991%, per-fold%=['5.768', '3.455', '-1.121', '2.612', '-0.219']
[C02]   R0c gust: pooled=3.5017%, mean-of-5=3.0918%, per-fold%=['8.882', '3.179', '-0.040', '2.916', '0.522']
[C02]   R0c customers: pooled=11.3004%, mean-of-5=10.9741%, per-fold%=['14.973', '10.996', '8.171', '12.000', '8.731']
[C02] Saved c02_r2_definition_comparison.json
