[corrected-sample] Loading OLD-style event table and applying C01 corrections (Step1+Step2 outputs)...
[corrected-sample] Corrected matched sample: 121313 events (12269 weather-corrected, 617 weather-nulled).
[fig7-final] Building customers_v2 -> duration_B dose-response curve (corrected R0c sample)...
[v16-clean] Building weather-matched sample (command #9 Step0)...
[v16-clean] Excluding locked_temporal_test date block (>= 2023-09-30) BEFORE fold construction...
[v16-clean] Weather-matched sample: 121313 -> 97664 after locked-window exclusion (23649 removed, 19.49%).
[v3_validation] Step 1: checking LAD21CD coverage in the weather-matched sample...
[v3_validation] Step 1 done: gap-filled 112 events, 112 still missing.
[v3_validation] Step 2: building GroupKFold(date, 5) folds...
[v3_validation] Step 2 done: 0 dates crossing folds (expect 0).
[v16-clean] Clean complete-predictor sample: n=94383.
[v16-clean] Verified: max date in clean sample = 2023-09-29 00:00:00 (< 2023-09-30 00:00:00).
[v16-clean] Clean weather_natural+technical_asset sample: n=48339.
[v16-clean] Clean E0' n=48324; clean R0c'_B n=47841 (p99 cap=194.79h).
[v19] Building weather-matched sample (command #9 Step0)...
[v19] Restricting to the locked_temporal_test date block [2023-09-30, 2024-03-31]...
[v19] Weather-matched sample: 121313 -> 23649 in locked window.
[v3_validation] Step 1: checking LAD21CD coverage in the weather-matched sample...
[v3_validation] Step 1 done: gap-filled 25 events, 25 still missing.
[v19] Holdout complete-predictor sample: n=22913.
[v19] Verified: holdout date range [2023-09-30 00:00:00, 2024-03-31 00:00:00] within locked window.
[v19] Holdout weather_natural+technical_asset sample: n=12114.
[v19] Holdout E0 n=12113; holdout R0c n=11991 (p99 cap=167.39h).
[corrected-sample] CORRECTED final combined sample: WT n=60453, E0 n=60437, R0c n=59834 (p99 cap=192.08h)
[fig7-final] Ratios (corrected): gust->E0=2.8846, gust->R0c=2.5612, customers->R0c=6.0199
[fig7-final] Saved Figure_7_magnitude_comparison (final).
