2026-09-10T15:17:22+01:00 C E0_all H01 M1_weather_linear
2026-09-10T15:17:24+01:00 C E0_all H02 M2_+gust_sq
2026-09-10T15:17:25+01:00 C E0_all H03 M3_+gust_x_pressure
2026-09-10T15:17:26+01:00 C E0_all H04 M4_+socio
2026-09-10T15:17:27+01:00 C E0_all H05 M5_+year_month_FE
2026-09-10T15:17:28+01:00 C E0_all H06 A1_gust_cubic
2026-09-10T15:17:30+01:00 C E0_all H07 A2_log_gust
2026-09-10T15:17:31+01:00 C E0_all H08 A3_hinge_10.8
2026-09-10T15:17:32+01:00 C E0_all H09 A4_gust_bins
2026-09-10T15:17:34+01:00 C E0_all H10 A5_full_quad_weather
2026-09-10T15:17:35+01:00 C E0_all H11 A6_M5_+LAD_FE
2026-09-10T15:17:37+01:00 C E0_all H12 A7_M5_no_socio
2026-09-10T15:17:39+01:00 C E0_all H13 single
2026-09-10T15:17:39+01:00 C E0_all H14 free_two
2026-09-10T15:17:39+01:00 C E0_all F01 quadratic
2026-09-10T15:17:41+01:00 C E0_all F02 cubic
2026-09-10T15:17:46+01:00 C E0_all F03 log
2026-09-10T15:17:51+01:00 C E0_all F04 bins
2026-09-10T15:17:56+01:00 C E0_all F05 fixed10.8
2026-09-10T15:18:00+01:00 C E0_all F06 single
2026-09-10T15:18:04+01:00 C E0_all F07 free_two
2026-09-10T15:18:04+01:00 C E0_all F08 plateau
2026-09-10T15:18:05+01:00 C E0_weather H01 M1_weather_linear
2026-09-10T15:18:07+01:00 C E0_weather H02 M2_+gust_sq
2026-09-10T15:18:09+01:00 C E0_weather H03 M3_+gust_x_pressure
2026-09-10T15:18:11+01:00 C E0_weather H04 M4_+socio
2026-09-10T15:18:13+01:00 C E0_weather H05 M5_+year_month_FE
2026-09-10T15:18:15+01:00 C E0_weather H06 A1_gust_cubic
2026-09-10T15:18:17+01:00 C E0_weather H07 A2_log_gust
2026-09-10T15:18:20+01:00 C E0_weather H08 A3_hinge_10.8
2026-09-10T15:18:22+01:00 C E0_weather H09 A4_gust_bins
2026-09-10T15:18:25+01:00 C E0_weather H10 A5_full_quad_weather
2026-09-10T15:18:27+01:00 C E0_weather H11 A6_M5_+LAD_FE
2026-09-10T15:18:35+01:00 C E0_weather H12 A7_M5_no_socio
2026-09-10T15:18:37+01:00 C E0_weather H13 single
2026-09-10T15:18:38+01:00 C E0_weather H14 free_two
2026-09-10T15:18:39+01:00 C E0_weather F01 quadratic
2026-09-10T15:18:39+01:00 C E0_weather F02 cubic
2026-09-10T15:18:41+01:00 C E0_weather F03 log
2026-09-10T15:18:42+01:00 C E0_weather F04 bins
2026-09-10T15:18:43+01:00 C E0_weather F05 fixed10.8
2026-09-10T15:18:44+01:00 C E0_weather F06 single
2026-09-10T15:18:45+01:00 C E0_weather F07 free_two
2026-09-10T15:18:46+01:00 C E0_weather F08 plateau
2026-09-10T15:18:46+01:00 C R0c_all H01 M1_weather_linear
2026-09-10T15:18:52+01:00 C R0c_all H02 M2_+gust_sq
2026-09-10T15:19:00+01:00 C R0c_all H03 M3_+gust_x_pressure
2026-09-10T15:19:08+01:00 C R0c_all H04 M4_+socio
2026-09-10T15:19:15+01:00 C R0c_all H05 M5_+year_month_FE
2026-09-10T15:19:18+01:00 C R0c_all H06 A1_gust_cubic
2026-09-10T15:19:26+01:00 C R0c_all H07 A2_log_gust
2026-09-10T15:19:35+01:00 C R0c_all H08 A3_hinge_10.8
2026-09-10T15:19:45+01:00 C R0c_all H09 A4_gust_bins
2026-09-10T15:19:52+01:00 C R0c_all H10 A5_full_quad_weather
2026-09-10T15:20:04+01:00 C R0c_all H11 A6_M5_+LAD_FE
2026-09-10T15:20:35+01:00 C R0c_all H12 A7_M5_no_socio
2026-09-10T15:20:43+01:00 C R0c_all H13 single
2026-09-10T15:20:49+01:00 C R0c_all H14 free_two
2026-09-10T15:20:53+01:00 C R0c_all F01 quadratic
2026-09-10T15:20:54+01:00 C R0c_all F02 cubic
2026-09-10T15:20:58+01:00 C R0c_all F03 log
2026-09-10T15:21:02+01:00 C R0c_all F04 bins
2026-09-10T15:21:06+01:00 C R0c_all F05 fixed10.8
2026-09-10T15:21:09+01:00 C R0c_all F06 single
2026-09-10T15:21:15+01:00 C R0c_all F07 free_two
2026-09-10T15:21:20+01:00 C R0c_all F08 plateau
2026-09-10T15:21:26+01:00 C R0c_weather H01 M1_weather_linear
2026-09-10T15:21:28+01:00 C R0c_weather H02 M2_+gust_sq
2026-09-10T15:21:30+01:00 C R0c_weather H03 M3_+gust_x_pressure
2026-09-10T15:21:32+01:00 C R0c_weather H04 M4_+socio
2026-09-10T15:21:34+01:00 C R0c_weather H05 M5_+year_month_FE
2026-09-10T15:21:37+01:00 C R0c_weather H06 A1_gust_cubic
2026-09-10T15:21:41+01:00 C R0c_weather H07 A2_log_gust
2026-09-10T15:21:45+01:00 C R0c_weather H08 A3_hinge_10.8
2026-09-10T15:21:49+01:00 C R0c_weather H09 A4_gust_bins
2026-09-10T15:21:52+01:00 C R0c_weather H10 A5_full_quad_weather
2026-09-10T15:21:56+01:00 C R0c_weather H11 A6_M5_+LAD_FE
2026-09-10T15:22:06+01:00 C R0c_weather H12 A7_M5_no_socio
2026-09-10T15:22:09+01:00 C R0c_weather H13 single
2026-09-10T15:22:10+01:00 C R0c_weather H14 free_two
2026-09-10T15:22:12+01:00 C R0c_weather F01 quadratic
2026-09-10T15:22:13+01:00 C R0c_weather F02 cubic
2026-09-10T15:22:15+01:00 C R0c_weather F03 log
2026-09-10T15:22:16+01:00 C R0c_weather F04 bins
2026-09-10T15:22:18+01:00 C R0c_weather F05 fixed10.8
2026-09-10T15:22:19+01:00 C R0c_weather F06 single
2026-09-10T15:22:21+01:00 C R0c_weather F07 free_two
2026-09-10T15:22:23+01:00 C R0c_weather F08 plateau
{
  "root": "D:\\Pyprogramme\\pyOutageGust\\results\\Appendix",
  "tables": 51,
  "figures": 3,
  "requirement_status_counts": {
    "已生成": 28,
    "已有且被明确复用": 1,
    "有具体原因的缺失": 6,
    "用户已关闭": 4
  },
  "appendices": {
    "A": {
      "selected": false,
      "last_attempt_status": "not_selected",
      "artifact_status": "success_with_gaps",
      "update_state": "本次已更新",
      "manifest": "A/manifest.json"
    },
    "B": {
      "selected": false,
      "last_attempt_status": "not_selected",
      "artifact_status": "success",
      "update_state": "本次已更新",
      "manifest": "B/manifest.json"
    },
    "C": {
      "selected": true,
      "last_attempt_status": "updated",
      "artifact_status": "success",
      "update_state": "本次已更新",
      "manifest": "C/manifest.json"
    },
    "D": {
      "selected": false,
      "last_attempt_status": "not_selected",
      "artifact_status": "success",
      "update_state": "本次已更新",
      "manifest": "D/manifest.json"
    },
    "E": {
      "selected": false,
      "last_attempt_status": "not_selected",
      "artifact_status": "success",
      "update_state": "本次已更新",
      "manifest": "E/manifest.json"
    },
    "F": {
      "selected": false,
      "last_attempt_status": "not_selected",
      "artifact_status": "success_with_gaps",
      "update_state": "本次已更新",
      "manifest": "F/manifest.json"
    },
    "G": {
      "selected": false,
      "last_attempt_status": "not_selected",
      "artifact_status": "success_with_gaps",
      "update_state": "本次已更新",
      "manifest": "G/manifest.json"
    },
    "H": {
      "selected": false,
      "last_attempt_status": "not_selected",
      "artifact_status": "success_with_gaps",
      "update_state": "本次已更新",
      "manifest": "H/manifest.json"
    },
    "I": {
      "selected": false,
      "last_attempt_status": "not_selected",
      "artifact_status": "success_with_gaps",
      "update_state": "本次已更新",
      "manifest": "I/manifest.json"
    },
    "J": {
      "selected": false,
      "last_attempt_status": "not_selected",
      "artifact_status": "success_with_gaps",
      "update_state": "本次已更新",
      "manifest": "J/manifest.json"
    }
  }
}
