[C01-step4c] Building the ORIGINAL (uncorrected) final combined sample...
[v21-combined] Building command #16 clean development sample...
[v16-clean] Building weather-matched sample (command #9 Step0)...
[v3_validation] Step 0: loading v3 dataset and deduplicating to event level...
[v3_validation] Step 0 done: 121313 weather-matched events out of 135025 total.
[v16-clean] Excluding locked_temporal_test date block (>= 2023-09-30) BEFORE fold construction...
[v16-clean] Weather-matched sample: 121313 -> 97663 after locked-window exclusion (23650 removed, 19.50%).
[v3_validation] Step 1: checking LAD21CD coverage in the weather-matched sample...
[v3_validation] Step 1 done: gap-filled 112 events, 112 still missing.
[v3_validation] Step 2: building GroupKFold(date, 5) folds...
[v3_validation] Step 2 done: 0 dates crossing folds (expect 0).
[v16-clean] Clean complete-predictor sample: n=94384.
[v16-clean] Verified: max date in clean sample = 2023-09-29 00:00:00 (< 2023-09-30 00:00:00).
[v16-clean] Clean weather_natural+technical_asset sample: n=48338.
[v16-clean] Clean E0' n=48323; clean R0c'_B n=47840 (p99 cap=194.80h).
[v21-combined] Building command #19 holdout sample...
[v19] Building weather-matched sample (command #9 Step0)...
[v3_validation] Step 0: loading v3 dataset and deduplicating to event level...
[v3_validation] Step 0 done: 121313 weather-matched events out of 135025 total.
[v19] Restricting to the locked_temporal_test date block [2023-09-30, 2024-03-31]...
[v19] Weather-matched sample: 121313 -> 23650 in locked window.
[v3_validation] Step 1: checking LAD21CD coverage in the weather-matched sample...
[v3_validation] Step 1 done: gap-filled 25 events, 25 still missing.
[v19] Holdout complete-predictor sample: n=22914.
[v19] Verified: holdout date range [2023-09-30 00:00:00, 2024-03-31 00:00:00] within locked window.
[v19] Holdout weather_natural+technical_asset sample: n=12115.
[v19] Holdout E0 n=12114; holdout R0c n=11992 (p99 cap=167.37h).
[C01-step4c] Original combined E0 n=60437, R0c n=59834
[C01-step4c] Building fresh 5-fold GroupKFold splits (original sample)...
[C01-step4c] Fitting per-fold coefficients (original E0)...
[C01-step4c] Fitting per-fold coefficients (original R0c)...
[C01-step4c] E0 (original) stability:
      model         term  n_folds  same_sign_folds  significant_folds  mean_coefficient  coef_cv_pct  all_same_sign
E0_original    z_gust_0h        5                5                  4         -0.033932    38.972300           True
E0_original z_gust_0h_sq        5                5                  5          0.105156    15.834296           True
[C01-step4c] R0c (original) stability:
       model         term  n_folds  same_sign_folds  significant_folds  mean_coefficient  coef_cv_pct  all_same_sign
R0c_original    z_gust_0h        5                3                  0          0.001240   643.447584          False
R0c_original z_gust_0h_sq        5                5                  5          0.075636    23.737882           True
[C01-step4c] Variance decomposition (original E0)...
[C01-step4c]       model            step             blocks_added  r2_in_sample  r2_in_sample_increment  r2_oos_5fold  r2_oos_5fold_increment
E0_original        baseline region_SES+year_month_FE      0.014097                     NaN      0.009500                     NaN
E0_original nongust_weather          nongust_weather      0.021469                0.007372      0.017378                0.007878
E0_original            gust                     gust      0.032302                0.010834      0.028124                0.010746
[C01-step4c] Variance decomposition (original R0c, gust-first)...
[C01-step4c]                                  model            step             blocks_added  r2_in_sample  r2_in_sample_increment  r2_oos_5fold  r2_oos_5fold_increment
R0c_original_order_gust_then_customers        baseline region_SES+year_month_FE      0.022831                     NaN      0.016990                     NaN
R0c_original_order_gust_then_customers nongust_weather          nongust_weather      0.031638                0.008807      0.025672                0.008682
R0c_original_order_gust_then_customers            gust                     gust      0.038452                0.006814      0.031869                0.006198
R0c_original_order_gust_then_customers       customers                customers      0.117606                0.079154      0.110537                0.078667
[C01-step4c] Variance decomposition (original R0c, customers-first)...
[C01-step4c]                                  model            step             blocks_added  r2_in_sample  r2_in_sample_increment  r2_oos_5fold  r2_oos_5fold_increment
R0c_original_order_customers_then_gust        baseline region_SES+year_month_FE      0.022831                     NaN      0.016990                     NaN
R0c_original_order_customers_then_gust nongust_weather          nongust_weather      0.031638                0.008807      0.025672                0.008682
R0c_original_order_customers_then_gust       customers                customers      0.109681                0.078043      0.102988                0.077316
R0c_original_order_customers_then_gust            gust                     gust      0.117606                0.007926      0.110537                0.007549
[C01-step4c] === Step 4c complete ===
