[E0] ordinal logit gust coefs {'z_gust_0h': -0.13058564473706893, 'hinge_14': 0.1300181055547037, 'hinge_26': -0.13412812314553596}
[E0] per-threshold logits: {
 ">= 1-5": {
  "z_gust_0h": -0.0473415052169497,
  "hinge_14": 0.12357910657073204,
  "hinge_26": -0.1380612377603194
 },
 ">= 6-100": {
  "z_gust_0h": -0.150452134653575,
  "hinge_14": 0.12910538495381196,
  "hinge_26": -0.12700334679414396
 },
 ">= 101-1000": {
  "z_gust_0h": -0.17178697099370088,
  "hinge_14": 0.1409129497131076,
  "hinge_26": -0.18973879012800743
 },
 ">= >1000": {
  "z_gust_0h": -0.27672474283765813,
  "hinge_14": 0.1133190376556764,
  "hinge_26": -0.10315754751987191
 }
}
[E0] NB GLM: {'alpha': 15.94779611101116, 'z_gust_0h': -0.23571056055049905, 'hinge_14': 0.11514281068236949, 'hinge_26': -0.09152221662224083, 'deviance_explained': 0.022623171055883295}
[R0c] ordinal logit gust coefs {'z_gust_0h': -0.04627541497675142, 'hinge_17': 0.1801397108332375}
[R0c] per-threshold logits: {
 ">= 3-12 h": {
  "z_gust_0h": -0.024705256185537296,
  "hinge_17": 0.11018232420308591
 },
 ">= 12-48 h": {
  "z_gust_0h": -0.09485561726975283,
  "hinge_17": 0.17881861314615374
 },
 ">= >48 h": {
  "z_gust_0h": 0.12699072528385189,
  "hinge_17": 0.1450399007750945
 }
}
