[E0 weather-only n=9857] paper  adjR2=0.0428 BIC=43457.4 CV-LAD=2.1784
                    coef      se  p_t_G1
term                                    
z_gust_0h         0.1329  0.0538  0.0151
z_temperature_0h  0.1387  0.0629  0.0298
z_gust_sq         0.0457  0.0703  0.5172
z_gust_pressure  -0.1365  0.0460  0.0037
[E0 weather-only n=9857] hinge  adjR2=0.0486 BIC=43396.9 CV-LAD=2.1714
                    coef      se  p_t_G1
term                                    
z_temperature_0h  0.1536  0.0709  0.0326
z_gust_pressure  -0.0845  0.0369  0.0241
gust_low         -0.0668  0.0153  0.0000
gust_ramp         0.0696  0.0107  0.0000
[E0 weather-only n=9857] final  adjR2=0.0525 BIC=43365.0 CV-LAD=2.1669
                    coef      se  p_t_G1
term                                    
z_temperature_0h  0.0272  0.0690  0.6944
z_gust_pressure  -0.0865  0.0340  0.0123
gust_low         -0.0595  0.0153  0.0002
gust_ramp         0.0785  0.0100  0.0000
z_temperature_sq  0.0928  0.0189  0.0000
[R0c weather-only n=9254] paper  adjR2=0.2867 BIC=30514.7 CV-LAD=1.2504
                        coef      se  p_t_G1
term                                        
z_gust_0h             0.2558  0.0307  0.0000
z_temperature_0h     -0.0512  0.0567  0.3680
z_gust_sq             0.1074  0.0490  0.0307
z_gust_pressure       0.0633  0.0333  0.0603
z_customers_v2_log1p -0.2832  0.0303  0.0000
z_cust_sq             0.0943  0.0267  0.0006
[R0c weather-only n=9254] hinge  adjR2=0.2880 BIC=30497.7 CV-LAD=1.2497
                        coef      se  p_t_G1
term                                        
z_gust_0h            -0.1568  0.0944  0.0999
z_temperature_0h     -0.0475  0.0571  0.4072
z_gust_pressure       0.0586  0.0350  0.0975
z_customers_v2_log1p -0.2885  0.0307  0.0000
z_cust_sq             0.0951  0.0269  0.0006
gust_hinge_11         0.0851  0.0213  0.0001
[R0c weather-only n=9254] final  adjR2=0.2923 BIC=30449.5 CV-LAD=1.2459
                        coef      se  p_t_G1
term                                        
z_gust_0h            -0.0545  0.0890  0.5417
z_temperature_0h     -0.1337  0.0634  0.0374
z_customers_v2_log1p -0.2948  0.0306  0.0000
z_cust_sq             0.0923  0.0276  0.0012
gust_hinge_11         0.0696  0.0185  0.0003
z_temperature_sq      0.0641  0.0153  0.0001
z_gust_precip        -0.0562  0.0219  0.0117
E0 knots: {'one_knot': 11.0, 'one_bic': np.float64(15448.013438280976), 'two_knot': [11.0, 26.0], 'two_bic': np.float64(15425.919568773868), 'quad_bic': np.float64(15484.415500496081), 'lr_two_vs_one': 31.28980664877355, 'p': 1.60511005860657e-07, 'selected': [11.0, 24.0], 'full_sample_knots': [14.0, 25.0]}
R0c knots: {'one_knot': 11.0, 'one_bic': np.float64(4235.982819933248), 'two_knot': [9.0, 18.0], 'two_bic': np.float64(4237.1846256399085), 'quad_bic': np.float64(4252.992881791274), 'lr_two_vs_one': 7.931005462805944, 'p': 0.018958503181350537, 'selected': [np.float64(11.0)], 'full_sample_knots': [17.0]}
model                spec  rmse_cv  r2_cv  cal_slope    n
   E0     paper quadratic   2.1784 0.0351     0.8655 9857
   E0    ramp (11/24 m/s)   2.1714 0.0413     0.8852 9857
   E0 final specification   2.1669 0.0453     0.8940 9857
  R0c     paper quadratic   1.2504 0.2780     0.9818 9254
  R0c      hinge (11 m/s)   1.2497 0.2789     0.9816 9254
  R0c final specification   1.2459 0.2832     0.9798 9254
